[STAGE2_START] Beginning ticker resolution...
[STAGE2_PROGRESS] 61% | Resolved: 16 | Unresolved: 184
[STAGE2_COMPLETE] 27 resolved | 302 unresolved | 8.2%
